OUVERT reference-1080x2102.png  taille=1080x2102  mode=RGB
  REF : 22 transitions groupees (seuil somme|dRGB|>=18)
    y=   3  d=164  avant=(58, 67, 86)  apres=(10, 14, 23)   (groupe 3..3)
    y= 434  d= 56  avant=(7, 11, 14)  apres=(30, 31, 27)   (groupe 434..434)
    y= 560  d= 20  avant=(30, 31, 27)  apres=(35, 38, 35)   (groupe 560..561)
    y= 604  d= 82  avant=(30, 31, 27)  apres=(58, 60, 52)   (groupe 604..607)
    y= 643  d=594  avant=(27, 28, 24)  apres=(233, 228, 212)   (groupe 643..643)
    y= 709  d=306  avant=(233, 228, 212)  apres=(136, 123, 108)   (groupe 709..711)
    y= 790  d=126  avant=(233, 228, 212)  apres=(194, 189, 164)   (groupe 790..793)
    y= 862  d=126  avant=(233, 228, 212)  apres=(194, 189, 164)   (groupe 862..865)
    y= 934  d=126  avant=(233, 228, 212)  apres=(194, 189, 164)   (groupe 934..937)
    y=1005  d=126  avant=(233, 228, 212)  apres=(194, 189, 164)   (groupe 1005..1008)
    y=1077  d=126  avant=(233, 228, 212)  apres=(194, 189, 164)   (groupe 1077..1080)
    y=1181  d=432  avant=(233, 228, 212)  apres=(140, 47, 54)   (groupe 1181..1181)
    y=1223  d= 62  avant=(143, 80, 80)  apres=(140, 47, 54)   (groupe 1221..1223)
    y=1232  d= 44  avant=(143, 53, 63)  apres=(140, 93, 64)   (groupe 1231..1233)
    y=1312  d=432  avant=(140, 47, 54)  apres=(233, 228, 212)   (groupe 1312..1312)
    y=1352  d=618  avant=(233, 228, 212)  apres=(19, 19, 17)   (groupe 1352..1352)
    y=1780  d= 96  avant=(22, 23, 21)  apres=(44, 54, 64)   (groupe 1780..1780)
    y=1787  d= 83  avant=(44, 54, 64)  apres=(20, 26, 33)   (groupe 1787..1787)
    y=1848  d= 69  avant=(20, 26, 33)  apres=(40, 44, 64)   (groupe 1848..1850)
    y=1941  d=102  avant=(92, 42, 42)  apres=(36, 18, 20)   (groupe 1938..1941)
    y=2040  d=102  avant=(36, 18, 20)  apres=(92, 42, 42)   (groupe 2040..2043)
    y=2085  d= 30  avant=(20, 26, 33)  apres=(11, 16, 22)   (groupe 2085..2085)

OUVERT capture-1080x2400.png  taille=1080x2400  mode=RGB
  CAP : 26 transitions groupees (seuil somme|dRGB|>=18)
    y= 141  d=329  avant=(16, 23, 28)  apres=(222, 101, 73)   (groupe 141..143)
    y= 395  d= 89  avant=(28, 28, 28)  apres=(59, 61, 53)   (groupe 395..398)
    y= 435  d= 87  avant=(30, 31, 27)  apres=(61, 61, 53)   (groupe 435..438)
    y= 539  d= 45  avant=(34, 38, 34)  apres=(50, 53, 48)   (groupe 539..540)
    y= 610  d= 90  avant=(61, 61, 53)  apres=(29, 30, 26)   (groupe 607..610)
    y= 725  d= 92  avant=(28, 29, 26)  apres=(61, 61, 53)   (groupe 725..728)
    y= 854  d= 93  avant=(61, 61, 53)  apres=(28, 29, 25)   (groupe 851..854)
    y= 872  d= 93  avant=(28, 29, 25)  apres=(61, 61, 53)   (groupe 872..876)
    y=1002  d= 95  avant=(61, 61, 53)  apres=(27, 28, 25)   (groupe 998..1002)
    y=1020  d= 95  avant=(27, 28, 25)  apres=(61, 61, 53)   (groupe 1020..1024)
    y=1150  d= 98  avant=(61, 61, 53)  apres=(26, 27, 24)   (groupe 1146..1150)
    y=1168  d= 98  avant=(26, 27, 24)  apres=(61, 61, 53)   (groupe 1168..1171)
    y=1297  d=101  avant=(61, 61, 53)  apres=(25, 26, 23)   (groupe 1293..1297)
    y=1315  d=101  avant=(25, 26, 23)  apres=(61, 61, 53)   (groupe 1315..1319)
    y=1445  d=101  avant=(61, 61, 53)  apres=(25, 26, 23)   (groupe 1441..1445)
    y=1463  d=101  avant=(25, 26, 23)  apres=(61, 61, 53)   (groupe 1463..1466)
    y=1592  d=104  avant=(61, 61, 53)  apres=(24, 25, 22)   (groupe 1589..1592)
    y=1610  d=104  avant=(24, 25, 22)  apres=(61, 61, 53)   (groupe 1610..1614)
    y=1740  d=106  avant=(61, 61, 53)  apres=(23, 24, 22)   (groupe 1736..1740)
    y=1758  d=106  avant=(23, 24, 22)  apres=(61, 61, 53)   (groupe 1758..1762)
    y=1816  d= 20  avant=(34, 38, 34)  apres=(28, 31, 27)   (groupe 1816..1816)
    y=1864  d=287  avant=(118, 123, 130)  apres=(22, 28, 34)   (groupe 1862..1864)
    y=1876  d=350  avant=(22, 28, 34)  apres=(138, 144, 152)   (groupe 1876..1878)
    y=1954  d=121  avant=(22, 28, 34)  apres=(90, 73, 42)   (groupe 1954..1958)
    y=2098  d=121  avant=(90, 73, 42)  apres=(22, 28, 34)   (groupe 2094..2098)
    y=2152  d= 21  avant=(22, 28, 34)  apres=(21, 22, 20)   (groupe 2152..2152)

OUVERT hud-canon-1176.png  taille=1176x2091  mode=RGB
  HUD : 16 transitions groupees (seuil somme|dRGB|>=18)
    y= 153  d=286  avant=(20, 27, 40)  apres=(173, 139, 61)   (groupe 153..156)
    y= 234  d=137  avant=(72, 88, 107)  apres=(35, 41, 54)   (groupe 234..237)
    y= 278  d= 48  avant=(19, 25, 38)  apres=(33, 42, 55)   (groupe 278..278)
    y= 297  d= 24  avant=(31, 39, 51)  apres=(22, 31, 44)   (groupe 297..297)
    y= 332  d= 43  avant=(21, 26, 38)  apres=(34, 41, 53)   (groupe 332..335)
    y=1055  d= 21  avant=(146, 122, 103)  apres=(138, 112, 100)   (groupe 1055..1055)
    y=1283  d=249  avant=(146, 118, 58)  apres=(15, 23, 35)   (groupe 1277..1283)
    y=1620  d=140  avant=(11, 16, 28)  apres=(59, 65, 71)   (groupe 1620..1623)
    y=1677  d= 26  avant=(26, 26, 37)  apres=(36, 42, 37)   (groupe 1677..1677)
    y=1682  d= 45  avant=(38, 47, 51)  apres=(27, 27, 37)   (groupe 1682..1682)
    y=1692  d= 18  avant=(36, 27, 36)  apres=(20, 25, 36)   (groupe 1692..1692)
    y=1739  d=139  avant=(57, 61, 69)  apres=(9, 14, 25)   (groupe 1736..1739)
    y=1781  d= 83  avant=(9, 14, 24)  apres=(35, 42, 53)   (groupe 1781..1784)
    y=1856  d= 29  avant=(44, 50, 52)  apres=(30, 41, 46)   (groupe 1856..1856)
    y=2031  d= 19  avant=(19, 24, 31)  apres=(12, 17, 26)   (groupe 2031..2031)
    y=2070  d= 63  avant=(15, 20, 28)  apres=(0, 0, 0)   (groupe 2070..2070)

