OUVERT capture-1080x2400.png taille=1080x2400
  --- plage y=140..420 ---
    y= 140 (16, 23, 28)
    y= 146 (31, 32, 28)  <== saut
    y= 152 (31, 32, 28)
    y= 158 (31, 32, 28)
    y= 164 (31, 32, 28)
    y= 170 (31, 32, 28)
    y= 176 (31, 32, 28)
    y= 182 (31, 32, 28)
    y= 188 (31, 32, 28)
    y= 194 (31, 32, 28)
    y= 200 (31, 32, 28)
    y= 206 (31, 32, 28)
    y= 212 (31, 32, 28)
    y= 218 (31, 32, 28)
    y= 224 (31, 32, 28)
    y= 230 (31, 32, 28)
    y= 236 (28, 28, 28)
    y= 242 (28, 28, 28)
    y= 248 (28, 28, 28)
    y= 254 (28, 28, 28)
    y= 260 (28, 28, 28)
    y= 266 (28, 28, 28)
    y= 272 (28, 28, 28)
    y= 278 (28, 28, 28)
    y= 284 (28, 28, 28)
    y= 290 (28, 28, 28)
    y= 296 (28, 28, 28)
    y= 302 (28, 28, 28)
    y= 308 (28, 28, 28)
    y= 314 (28, 28, 28)
    y= 320 (28, 28, 28)
    y= 326 (28, 28, 28)
    y= 332 (28, 28, 28)
    y= 338 (28, 28, 28)
    y= 344 (28, 28, 28)
    y= 350 (28, 28, 28)
    y= 356 (28, 28, 28)
    y= 362 (28, 28, 28)
    y= 368 (28, 28, 28)
    y= 374 (28, 28, 28)
    y= 380 (28, 28, 28)
    y= 386 (28, 28, 28)
    y= 392 (28, 28, 28)
    y= 398 (30, 31, 27)
    y= 404 (30, 31, 27)
    y= 410 (30, 31, 27)
    y= 416 (30, 31, 27)
  --- plage y=1830..1980 ---
    y=1830 (22, 28, 34)
    y=1833 (22, 28, 34)
    y=1836 (22, 28, 34)
    y=1839 (22, 28, 34)
    y=1842 (22, 28, 34)
    y=1845 (22, 28, 34)
    y=1848 (22, 28, 34)
    y=1851 (22, 28, 34)
    y=1854 (22, 28, 34)
    y=1857 (22, 28, 34)
    y=1860 (22, 28, 34)
    y=1863 (103, 108, 115)  <== saut
    y=1866 (22, 28, 34)  <== saut
    y=1869 (22, 28, 34)
    y=1872 (22, 28, 34)
    y=1875 (22, 28, 34)
    y=1878 (22, 28, 34)
    y=1881 (22, 28, 34)
    y=1884 (22, 28, 34)
    y=1887 (22, 28, 34)
    y=1890 (22, 28, 34)
    y=1893 (22, 28, 34)
    y=1896 (22, 28, 34)
    y=1899 (22, 28, 34)
    y=1902 (22, 28, 34)
    y=1905 (22, 28, 34)
    y=1908 (22, 28, 34)
    y=1911 (22, 28, 34)
    y=1914 (22, 28, 34)
    y=1917 (22, 28, 34)
    y=1920 (22, 28, 34)
    y=1923 (22, 28, 34)
    y=1926 (22, 28, 34)
    y=1929 (22, 28, 34)
    y=1932 (22, 28, 34)
    y=1935 (22, 28, 34)
    y=1938 (22, 28, 34)
    y=1941 (22, 28, 34)
    y=1944 (22, 28, 34)
    y=1947 (22, 28, 34)
    y=1950 (22, 28, 34)
    y=1953 (22, 28, 34)
    y=1956 (90, 73, 42)  <== saut
    y=1959 (34, 28, 13)  <== saut
    y=1962 (34, 28, 13)
    y=1965 (34, 28, 13)
    y=1968 (34, 28, 13)
    y=1971 (34, 28, 13)
    y=1974 (34, 28, 13)
    y=1977 (34, 28, 13)
  --- plage y=2130..2400 ---
    y=2130 (22, 28, 34)
    y=2138 (22, 28, 34)
    y=2146 (22, 28, 34)
    y=2154 (21, 22, 20)  <== saut
    y=2162 (20, 22, 20)
    y=2170 (20, 22, 21)
    y=2178 (20, 22, 21)
    y=2186 (20, 21, 21)
    y=2194 (20, 21, 22)
    y=2202 (19, 21, 22)
    y=2210 (19, 21, 22)
    y=2218 (19, 21, 23)
    y=2226 (19, 21, 23)
    y=2234 (19, 21, 23)
    y=2242 (18, 21, 24)
    y=2250 (18, 21, 24)
    y=2258 (18, 21, 24)
    y=2266 (18, 21, 25)
    y=2274 (17, 20, 24)
    y=2282 (17, 20, 25)
    y=2290 (17, 20, 25)
    y=2298 (16, 20, 26)
    y=2306 (16, 20, 26)
    y=2314 (16, 19, 26)
    y=2322 (15, 19, 27)
    y=2330 (15, 19, 27)
    y=2338 (15, 19, 27)
    y=2346 (15, 19, 27)
    y=2354 (15, 19, 28)
    y=2362 (14, 19, 28)
    y=2370 (14, 19, 28)
    y=2378 (14, 19, 29)
    y=2386 (14, 19, 29)
    y=2394 (13, 19, 29)

OUVERT reference-1080x2102.png taille=1080x2102
  --- plage y=420..650 ---
    y= 420 (7, 10, 15)
    y= 426 (6, 9, 13)
    y= 432 (7, 10, 14)
    y= 438 (30, 31, 27)  <== saut
    y= 444 (30, 31, 27)
    y= 450 (30, 31, 27)
    y= 456 (30, 31, 27)
    y= 462 (30, 31, 27)
    y= 468 (30, 31, 27)
    y= 474 (30, 31, 27)
    y= 480 (30, 31, 27)
    y= 486 (30, 31, 27)
    y= 492 (30, 31, 27)
    y= 498 (30, 31, 27)
    y= 504 (30, 31, 27)
    y= 510 (30, 31, 27)
    y= 516 (30, 31, 27)
    y= 522 (30, 31, 27)
    y= 528 (30, 31, 27)
    y= 534 (30, 31, 27)
    y= 540 (30, 31, 27)
    y= 546 (30, 31, 27)
    y= 552 (30, 31, 27)
    y= 558 (30, 31, 27)
    y= 564 (30, 31, 27)
    y= 570 (30, 31, 27)
    y= 576 (30, 31, 27)
    y= 582 (30, 31, 27)
    y= 588 (30, 31, 27)
    y= 594 (30, 31, 27)
    y= 600 (30, 31, 27)
    y= 606 (58, 60, 52)  <== saut
    y= 612 (30, 31, 27)  <== saut
    y= 618 (29, 30, 27)
    y= 624 (29, 30, 27)
    y= 630 (29, 30, 26)
    y= 636 (28, 29, 25)
    y= 642 (27, 28, 24)
    y= 648 (233, 228, 212)  <== saut
  --- plage y=1760..1960 ---
    y=1760 (22, 23, 20)
    y=1764 (22, 23, 20)
    y=1768 (22, 23, 20)
    y=1772 (22, 23, 20)
    y=1776 (22, 23, 20)
    y=1780 (44, 54, 64)  <== saut
    y=1784 (44, 54, 64)
    y=1788 (20, 26, 33)  <== saut
    y=1792 (20, 26, 33)
    y=1796 (20, 26, 33)
    y=1800 (20, 26, 33)
    y=1804 (20, 26, 33)
    y=1808 (20, 26, 33)
    y=1812 (20, 26, 33)
    y=1816 (20, 26, 33)
    y=1820 (20, 26, 33)
    y=1824 (20, 26, 33)
    y=1828 (20, 26, 33)
    y=1832 (20, 26, 33)
    y=1836 (20, 26, 33)
    y=1840 (20, 26, 33)
    y=1844 (20, 26, 33)
    y=1848 (31, 43, 56)  <== saut
    y=1852 (20, 26, 33)  <== saut
    y=1856 (20, 26, 33)
    y=1860 (20, 26, 33)
    y=1864 (20, 26, 33)
    y=1868 (20, 26, 33)
    y=1872 (20, 26, 33)
    y=1876 (20, 26, 33)
    y=1880 (20, 26, 33)
    y=1884 (20, 26, 33)
    y=1888 (20, 26, 33)
    y=1892 (20, 26, 33)
    y=1896 (20, 26, 33)
    y=1900 (20, 26, 33)
    y=1904 (20, 26, 33)
    y=1908 (20, 26, 33)
    y=1912 (20, 26, 33)
    y=1916 (20, 26, 33)
    y=1920 (20, 26, 33)
    y=1924 (20, 26, 33)
    y=1928 (20, 26, 33)
    y=1932 (20, 26, 33)
    y=1936 (20, 26, 33)
    y=1940 (92, 42, 42)  <== saut
    y=1944 (36, 18, 20)  <== saut
    y=1948 (36, 18, 20)
    y=1952 (36, 18, 20)
    y=1956 (36, 18, 20)
  --- plage y=2060..2102 ---
    y=2060 (20, 26, 33)
    y=2063 (20, 26, 33)
    y=2066 (20, 26, 33)
    y=2069 (20, 26, 33)
    y=2072 (20, 26, 33)
    y=2075 (20, 26, 33)
    y=2078 (20, 26, 33)
    y=2081 (20, 26, 33)
    y=2084 (20, 26, 33)
    y=2087 (11, 16, 22)  <== saut
    y=2090 (11, 16, 22)
    y=2093 (11, 16, 22)
    y=2096 (11, 16, 22)
    y=2099 (11, 16, 22)

CONTROLE REF  dm-tete fond  attendu #1e1f1b=(30,31,27) mesure (30, 31, 27)
CONTROLE REF  dm-bas  fond  attendu #141a21=(20,26,33) mesure (20, 26, 33)
CONTROLE REF  fiche   fond  attendu #e9e4d4=(233,228,212) mesure (233, 228, 212)
CONTROLE-NEG REF verdict fond attendu #8c2f36=(140,47,54) mesure (140, 47, 54)
