OUVERT ref (1080, 2102)
REFERENCE
  fiche (bande sous le titre h4) (bande y=660..700, seuil=26) : 5 bords
     x=   3 d=120  (58, 67, 86) -> (31, 32, 28)
     x=  50 d=249  (26, 27, 23) -> (140, 122, 63)
     x=  68 d=348  (140, 122, 63) -> (233, 228, 212)
     x=1030 d=600  (233, 228, 212) -> (25, 26, 22)
     x=1077 d=123  (30, 31, 27) -> (58, 67, 86)
  bande VIDE sous la fiche  [controle negatif] (bande y=1360..1420, seuil=20) : 2 bords
     x=   3 d=137  (58, 67, 86) -> (25, 26, 23)
     x=1077 d=137  (25, 26, 23) -> (58, 67, 86)
   -> gouttiere gauche mesuree = 3 ; largeur fiche = 1074

OUVERT cap (1080, 2400)
CAPTURE
  carte dm-glob (bande y=470..600, seuil=20) : 4 bords
     x=  46 d= 89  (29, 30, 27) -> (61, 61, 53)
     x=  50 d= 60  (58, 58, 50) -> (34, 38, 34)
     x=1030 d= 60  (34, 38, 34) -> (58, 58, 50)
     x=1034 d= 89  (61, 61, 53) -> (29, 30, 27)
  rangee 1 (Colis Kofi) (bande y=760..840, seuil=20) : 5 bords
     x=  46 d= 92  (28, 29, 26) -> (61, 61, 53)
     x=  50 d= 60  (58, 58, 50) -> (34, 38, 34)
     x= 241 d= 33  (36, 40, 36) -> (48, 51, 46)
     x=1030 d= 60  (34, 38, 34) -> (58, 58, 50)
     x=1034 d= 92  (61, 61, 53) -> (28, 29, 26)
  CTA dm-geste (bande y=1990..2060, seuil=20) : 14 bords
     x=  46 d=121  (22, 28, 34) -> (90, 73, 42)
     x=  50 d=116  (84, 68, 39) -> (34, 28, 13)
     x=  89 d=180  (34, 28, 13) -> (120, 94, 41)
     x=  96 d=291  (171, 135, 60) -> (34, 28, 13)
     x= 102 d=124  (34, 28, 13) -> (94, 74, 31)
     x= 117 d=232  (34, 28, 13) -> (144, 113, 50)
     x= 123 d=202  (213, 168, 76) -> (120, 94, 41)
     x= 141 d= 67  (34, 28, 13) -> (67, 53, 22)
     x= 155 d=171  (34, 28, 13) -> (116, 91, 39)
     x= 172 d=165  (113, 89, 38) -> (34, 28, 13)
     x= 176 d=177  (34, 28, 13) -> (119, 93, 40)
     x= 184 d=229  (143, 112, 49) -> (34, 28, 13)
     x=1030 d=116  (34, 28, 13) -> (84, 68, 39)
     x=1034 d=121  (90, 73, 42) -> (22, 28, 34)

=== bords HORIZONTAUX fins autour du haut de .dm-bas ===
  REF :
     y=1770 (22, 23, 20)
     y=1771 (22, 23, 21)
     y=1772 (22, 23, 21)
     y=1773 (23, 24, 21)
     y=1774 (22, 23, 20)
     y=1775 (22, 23, 21)
     y=1776 (22, 23, 21)
     y=1777 (22, 23, 21)
     y=1778 (22, 23, 20)
     y=1779 (22, 23, 21)
     y=1780 (44, 54, 64)
     y=1781 (44, 54, 64)
     y=1782 (44, 54, 64)
     y=1783 (44, 54, 64)
     y=1784 (44, 54, 64)
     y=1785 (44, 54, 64)
     y=1786 (44, 54, 64)
     y=1787 (20, 26, 33)
     y=1788 (20, 26, 33)
     y=1789 (20, 26, 33)
     y=1790 (20, 26, 33)
     y=1791 (20, 26, 33)
     y=1792 (20, 26, 33)
     y=1793 (20, 26, 33)
     y=1794 (20, 26, 33)
     y=1795 (20, 26, 33)
     y=1796 (20, 26, 33)
     y=1797 (20, 26, 33)
     y=1798 (20, 26, 33)
     y=1799 (20, 26, 33)
  CAP :
     y=1845 (22, 28, 34)
     y=1846 (22, 28, 34)
     y=1847 (22, 28, 34)
     y=1848 (22, 28, 34)
     y=1849 (22, 28, 34)
     y=1850 (22, 28, 34)
     y=1851 (22, 28, 34)
     y=1852 (22, 28, 34)
     y=1853 (22, 28, 34)
     y=1854 (22, 28, 34)
     y=1855 (22, 28, 34)
     y=1856 (22, 28, 34)
     y=1857 (22, 28, 34)
     y=1858 (22, 28, 34)
     y=1859 (22, 28, 34)
     y=1860 (22, 28, 34)
     y=1861 (22, 28, 34)
     y=1862 (91, 96, 102)
     y=1863 (116, 122, 129)
     y=1864 (22, 28, 34)
     y=1865 (22, 28, 34)
     y=1866 (22, 28, 34)
     y=1867 (22, 28, 34)
     y=1868 (22, 28, 34)
     y=1869 (22, 28, 34)
     y=1870 (22, 28, 34)
     y=1871 (22, 28, 34)
     y=1872 (22, 28, 34)
     y=1873 (22, 28, 34)
     y=1874 (22, 28, 34)
     y=1875 (22, 28, 34)
     y=1876 (144, 150, 158)
     y=1877 (141, 147, 155)
     y=1878 (22, 28, 34)
     y=1879 (22, 28, 34)
     y=1880 (22, 28, 34)
     y=1881 (22, 28, 34)
     y=1882 (22, 28, 34)
     y=1883 (22, 28, 34)
     y=1884 (22, 28, 34)
