OUVERT ref (1080, 2102) / cap (1080, 2400)

  REF h3  << Ce batiment vous coute >>  : 18 runs
     #00 x=  51..  81  y= 480.. 512  h=33 px (9.17 CSS)  larg=31
     #01 x=  86.. 110  y= 489.. 512  h=24 px (6.67 CSS)  larg=25
     #02 x= 130.. 158  y= 479.. 512  h=34 px (9.44 CSS)  larg=29
     #03 x= 162.. 188  y= 477.. 512  h=36 px (10.00 CSS)  larg=27
     #04 x= 191.. 210  y= 482.. 512  h=31 px (8.61 CSS)  larg=20
     #05 x= 212.. 226  y= 479.. 511  h=33 px (9.17 CSS)  larg=15
     #06 x= 230.. 273  y= 489.. 511  h=23 px (6.39 CSS)  larg=44
     #07 x= 277.. 301  y= 489.. 512  h=24 px (6.67 CSS)  larg=25
     #08 x= 305.. 334  y= 489.. 511  h=23 px (6.39 CSS)  larg=30
     #09 x= 337.. 356  y= 482.. 512  h=31 px (8.61 CSS)  larg=20
     #10 x= 372.. 427  y= 489.. 512  h=24 px (6.67 CSS)  larg=56
     #11 x= 430.. 459  y= 489.. 512  h=24 px (6.67 CSS)  larg=30
     #12 x= 463.. 484  y= 489.. 512  h=24 px (6.67 CSS)  larg=22
     #13 x= 505.. 528  y= 489.. 512  h=24 px (6.67 CSS)  larg=24
     #14 x= 532.. 558  y= 489.. 512  h=24 px (6.67 CSS)  larg=27
     #15 x= 561.. 591  y= 477.. 512  h=36 px (10.00 CSS)  larg=31
     #16 x= 594.. 613  y= 482.. 512  h=31 px (8.61 CSS)  larg=20
     #17 x= 616.. 640  y= 489.. 512  h=24 px (6.67 CSS)  larg=25

  CAP h3  << L'organisation frotte >>  : 19 runs
     #00 x=  48..  75  y= 280.. 312  h=33 px (9.17 CSS)  larg=28
     #01 x=  82..  87  y= 280.. 292  h=13 px (3.61 CSS)  larg=6
     #02 x=  94.. 119  y= 289.. 312  h=24 px (6.67 CSS)  larg=26
     #03 x= 123.. 145  y= 289.. 312  h=24 px (6.67 CSS)  larg=23
     #04 x= 147.. 175  y= 289.. 321  h=33 px (9.17 CSS)  larg=29
     #05 x= 179.. 204  y= 289.. 312  h=24 px (6.67 CSS)  larg=26
     #06 x= 207.. 236  y= 289.. 312  h=24 px (6.67 CSS)  larg=30
     #07 x= 240.. 254  y= 279.. 312  h=34 px (9.44 CSS)  larg=15
     #08 x= 258.. 278  y= 289.. 312  h=24 px (6.67 CSS)  larg=21
     #09 x= 283.. 308  y= 289.. 312  h=24 px (6.67 CSS)  larg=26
     #10 x= 311.. 330  y= 283.. 312  h=30 px (8.33 CSS)  larg=20
     #11 x= 333.. 347  y= 279.. 312  h=34 px (9.44 CSS)  larg=15
     #12 x= 351.. 376  y= 289.. 312  h=24 px (6.67 CSS)  larg=26
     #13 x= 380.. 409  y= 289.. 312  h=24 px (6.67 CSS)  larg=30
     #14 x= 429.. 470  y= 279.. 312  h=34 px (9.44 CSS)  larg=42
     #15 x= 473.. 498  y= 289.. 312  h=24 px (6.67 CSS)  larg=26
     #16 x= 502.. 520  y= 283.. 312  h=30 px (8.33 CSS)  larg=19
     #17 x= 523.. 541  y= 283.. 312  h=30 px (8.33 CSS)  larg=19
     #18 x= 545.. 568  y= 289.. 312  h=24 px (6.67 CSS)  larg=24

  REF p  << Ce qu'il rapporte, ce qu'il gene, >>  : 47 runs
     #00 x=  51..  65  y= 543.. 562  h=20 px (5.56 CSS)  larg=15
     #01 x=  68..  81  y= 548.. 562  h=15 px (4.17 CSS)  larg=14
     #02 x=  92.. 104  y= 548.. 567  h=20 px (5.56 CSS)  larg=13
     #03 x= 108.. 120  y= 548.. 562  h=15 px (4.17 CSS)  larg=13
     #04 x= 125.. 127  y= 543.. 550  h= 8 px (2.22 CSS)  larg=3
     #05 x= 132.. 134  y= 542.. 561  h=20 px (5.56 CSS)  larg=3
     #06 x= 139.. 141  y= 543.. 561  h=19 px (5.28 CSS)  larg=3
     #07 x= 154.. 175  y= 548.. 562  h=15 px (4.17 CSS)  larg=22
     #08 x= 179.. 192  y= 548.. 567  h=20 px (5.56 CSS)  larg=14
     #09 x= 195.. 208  y= 548.. 567  h=20 px (5.56 CSS)  larg=14
     #10 x= 210.. 223  y= 548.. 562  h=15 px (4.17 CSS)  larg=14
     #11 x= 227.. 244  y= 544.. 561  h=18 px (5.00 CSS)  larg=18
     #12 x= 246.. 259  y= 548.. 562  h=15 px (4.17 CSS)  larg=14
     #13 x= 262.. 266  y= 559.. 564  h= 6 px (1.67 CSS)  larg=5
     #14 x= 278.. 289  y= 548.. 562  h=15 px (4.17 CSS)  larg=12
     #15 x= 291.. 304  y= 548.. 562  h=15 px (4.17 CSS)  larg=14
     #16 x= 315.. 327  y= 548.. 567  h=20 px (5.56 CSS)  larg=13
     #17 x= 332.. 343  y= 548.. 562  h=15 px (4.17 CSS)  larg=12
     #18 x= 348.. 350  y= 543.. 550  h= 8 px (2.22 CSS)  larg=3
     #19 x= 355.. 357  y= 542.. 561  h=20 px (5.56 CSS)  larg=3
     #20 x= 362.. 364  y= 543.. 561  h=19 px (5.28 CSS)  larg=3
     #21 x= 376.. 388  y= 548.. 567  h=20 px (5.56 CSS)  larg=13
     #22 x= 392.. 405  y= 541.. 562  h=22 px (6.11 CSS)  larg=14
     #23 x= 408.. 420  y= 548.. 561  h=14 px (3.89 CSS)  larg=13
     #24 x= 423.. 436  y= 548.. 562  h=15 px (4.17 CSS)  larg=14
     #25 x= 439.. 443  y= 559.. 564  h= 6 px (1.67 CSS)  larg=5
     #26 x= 455.. 467  y= 548.. 562  h=15 px (4.17 CSS)  larg=13
     #27 x= 469.. 478  y= 544.. 561  h=18 px (5.00 CSS)  larg=10
     #28 x= 488.. 499  y= 548.. 562  h=15 px (4.17 CSS)  larg=12
     #29 x= 502.. 515  y= 548.. 562  h=15 px (4.17 CSS)  larg=14
     #30 x= 525.. 538  y= 548.. 567  h=20 px (5.56 CSS)  larg=14
     #31 x= 542.. 554  y= 548.. 562  h=15 px (4.17 CSS)  larg=13
     #32 x= 558.. 561  y= 543.. 550  h= 8 px (2.22 CSS)  larg=4
     #33 x= 565.. 568  y= 542.. 561  h=20 px (5.56 CSS)  larg=4
     #34 x= 572.. 575  y= 543.. 561  h=19 px (5.28 CSS)  larg=4
     #35 x= 586.. 597  y= 548.. 562  h=15 px (4.17 CSS)  larg=12
     #36 x= 600.. 613  y= 548.. 562  h=15 px (4.17 CSS)  larg=14
     #37 x= 616.. 628  y= 541.. 562  h=22 px (6.11 CSS)  larg=13
     #38 x= 631.. 654  y= 544.. 562  h=19 px (5.28 CSS)  larg=24
     #39 x= 658.. 666  y= 548.. 561  h=14 px (3.89 CSS)  larg=9
     #40 x= 668.. 679  y= 548.. 562  h=15 px (4.17 CSS)  larg=12
     #41 x= 684.. 686  y= 542.. 561  h=20 px (5.56 CSS)  larg=3
     #42 x= 689.. 698  y= 544.. 561  h=18 px (5.00 CSS)  larg=10
     #43 x= 708.. 720  y= 542.. 562  h=21 px (5.83 CSS)  larg=13
     #44 x= 724.. 736  y= 548.. 562  h=15 px (4.17 CSS)  larg=13
     #45 x= 748.. 750  y= 543.. 561  h=19 px (5.28 CSS)  larg=3
     #46 x= 754.. 759  y= 548.. 561  h=14 px (3.89 CSS)  larg=6

  CAP p  << Plus vous tenez de choses, >>  : 47 runs
     #00 x=  49..  60  y= 341.. 360  h=20 px (5.56 CSS)  larg=12
     #01 x=  64..  66  y= 341.. 360  h=20 px (5.56 CSS)  larg=3
     #02 x=  70..  82  y= 346.. 360  h=15 px (4.17 CSS)  larg=13
     #03 x=  86..  96  y= 346.. 360  h=15 px (4.17 CSS)  larg=11
     #04 x= 106.. 119  y= 346.. 360  h=15 px (4.17 CSS)  larg=14
     #05 x= 122.. 134  y= 346.. 360  h=15 px (4.17 CSS)  larg=13
     #06 x= 138.. 149  y= 346.. 360  h=15 px (4.17 CSS)  larg=12
     #07 x= 153.. 163  y= 346.. 360  h=15 px (4.17 CSS)  larg=11
     #08 x= 173.. 182  y= 342.. 360  h=19 px (5.28 CSS)  larg=10
     #09 x= 184.. 197  y= 346.. 360  h=15 px (4.17 CSS)  larg=14
     #10 x= 200.. 212  y= 346.. 360  h=15 px (4.17 CSS)  larg=13
     #11 x= 216.. 228  y= 346.. 360  h=15 px (4.17 CSS)  larg=13
     #12 x= 231.. 242  y= 346.. 360  h=15 px (4.17 CSS)  larg=12
     #13 x= 252.. 264  y= 341.. 360  h=20 px (5.56 CSS)  larg=13
     #14 x= 268.. 281  y= 346.. 360  h=15 px (4.17 CSS)  larg=14
     #15 x= 292.. 302  y= 346.. 360  h=15 px (4.17 CSS)  larg=11
     #16 x= 307.. 318  y= 341.. 360  h=20 px (5.56 CSS)  larg=12
     #17 x= 322.. 334  y= 346.. 360  h=15 px (4.17 CSS)  larg=13
     #18 x= 337.. 347  y= 346.. 360  h=15 px (4.17 CSS)  larg=11
     #19 x= 350.. 363  y= 346.. 360  h=15 px (4.17 CSS)  larg=14
     #20 x= 366.. 376  y= 346.. 360  h=15 px (4.17 CSS)  larg=11
     #21 x= 380.. 383  y= 357.. 362  h= 6 px (1.67 CSS)  larg=4
     #22 x= 396.. 408  y= 346.. 365  h=20 px (5.56 CSS)  larg=13
     #23 x= 412.. 414  y= 341.. 360  h=20 px (5.56 CSS)  larg=3
     #24 x= 419.. 430  y= 346.. 360  h=15 px (4.17 CSS)  larg=12
     #25 x= 434.. 444  y= 346.. 360  h=15 px (4.17 CSS)  larg=11
     #26 x= 455.. 467  y= 346.. 360  h=15 px (4.17 CSS)  larg=13
     #27 x= 471.. 473  y= 341.. 360  h=20 px (5.56 CSS)  larg=3
     #28 x= 478.. 480  y= 341.. 360  h=20 px (5.56 CSS)  larg=3
     #29 x= 484.. 497  y= 346.. 360  h=15 px (4.17 CSS)  larg=14
     #30 x= 500.. 510  y= 346.. 360  h=15 px (4.17 CSS)  larg=11
     #31 x= 521.. 531  y= 346.. 360  h=15 px (4.17 CSS)  larg=11
     #32 x= 534.. 547  y= 346.. 360  h=15 px (4.17 CSS)  larg=14
     #33 x= 558.. 570  y= 346.. 365  h=20 px (5.56 CSS)  larg=13
     #34 x= 574.. 586  y= 340.. 360  h=21 px (5.83 CSS)  larg=13
     #35 x= 590.. 601  y= 346.. 360  h=15 px (4.17 CSS)  larg=12
     #36 x= 605.. 618  y= 346.. 360  h=15 px (4.17 CSS)  larg=14
     #37 x= 622.. 633  y= 346.. 360  h=15 px (4.17 CSS)  larg=12
     #38 x= 636.. 644  y= 342.. 360  h=19 px (5.28 CSS)  larg=9
     #39 x= 655.. 667  y= 346.. 360  h=15 px (4.17 CSS)  larg=13
     #40 x= 671.. 682  y= 346.. 360  h=15 px (4.17 CSS)  larg=12
     #41 x= 685.. 694  y= 342.. 360  h=19 px (5.28 CSS)  larg=10
     #42 x= 697.. 718  y= 346.. 360  h=15 px (4.17 CSS)  larg=22
     #43 x= 729.. 742  y= 346.. 360  h=15 px (4.17 CSS)  larg=14
     #44 x= 746.. 748  y= 341.. 360  h=20 px (5.56 CSS)  larg=3
     #45 x= 753.. 755  y= 341.. 360  h=20 px (5.56 CSS)  larg=3
     #46 x= 759.. 759  y= 350.. 356  h= 7 px (1.94 CSS)  larg=1
